[MOCK-HUBADSRV1] heartbeat failed (HTTP 0 / fetch failed)
[MOCK-FZADSRV2] heartbeat failed (HTTP 0 / fetch failed)
[MOCK-FZADSRV1] heartbeat failed (HTTP 0 / fetch failed)
[MOCK-XMADSRV1] heartbeat failed (HTTP 0 / fetch failed)
[MOCK-FZADSRV2] heartbeat failed (HTTP 0 / fetch failed)
[MOCK-FZADSRV1] heartbeat failed (HTTP 0 / fetch failed)
[MOCK-HUBADSRV2] heartbeat failed (HTTP 0 / fetch failed)
[MOCK-HUBADSRV1] heartbeat failed (HTTP 0 / fetch failed)
[MOCK-XMADSRV2] heartbeat failed (HTTP 0 / fetch failed)
[MOCK-NCADSRV1] heartbeat failed (HTTP 0 / fetch failed)
[MOCK-XMADSRV1] heartbeat failed (HTTP 0 / fetch failed)
[MOCK-NCADSRV2] heartbeat failed (HTTP 0 / fetch failed)
[MOCK-NCADSRV2] heartbeat failed (HTTP 0 / fetch failed)
[MOCK-XMADSRV2] heartbeat failed (HTTP 0 / fetch failed)
[MOCK-NCADSRV1] heartbeat failed (HTTP 0 / fetch failed)
[MOCK-XMADSRV1] heartbeat failed (HTTP 0 / fetch failed)
[MOCK-FZADSRV1] heartbeat failed (HTTP 0 / fetch failed)
[MOCK-HUBADSRV1] replication failed (HTTP 0 / The operation was aborted due to timeout)
[MOCK-HUBADSRV1] replication failed (HTTP 0 / The operation was aborted due to timeout)
[MOCK-HUBADSRV1] replication failed (HTTP 0 / The operation was aborted due to timeout)
[MOCK-HUBADSRV1] replication failed (HTTP 0 / The operation was aborted due to timeout)
[MOCK-HUBADSRV1] replication failed (HTTP 0 / The operation was aborted due to timeout)
[MOCK-FZADSRV2] heartbeat failed (HTTP 0 / fetch failed)
[MOCK-XMADSRV1] heartbeat failed (HTTP 0 / fetch failed)
[MOCK-NCADSRV2] heartbeat failed (HTTP 0 / fetch failed)
[MOCK-FZADSRV1] heartbeat failed (HTTP 0 / fetch failed)
